ASxxxx Linker V03.00/V05.40 + sdld,  page 1.
Hexadecimal  [32-Bits]

Area                                    Addr        Size        Decimal Bytes (Attributes)
--------------------------------        ----        ----        ------- ----- ------------
.  .ABS.                            00000000    00000000 =           0. bytes (ABS,CON)

      Value  Global                              Global Defined In Module
      -----  --------------------------------   ------------------------
     00000000  .__.ABS.                           
     00000000  _rRAMG                             
     00000000  l__BASE                         
     00000000  l__BSS                          
     00000000  l__CABS                         
     00000000  l__CODE_0                       
     00000000  l__CRASH_HEADER                 
     00000000  l__CRASH_SCRATCH                
     00000000  l__DABS                         
     00000000  l__HEADER                       
     00000000  l__HEADER_LCD                   
     00000000  l__HEADER_SIO                   
     00000000  l__HEADER_TIMER                 
     00000000  l__HEAP                         
     00000000  l__HEAP_END                     
     00000000  l__HRAM                         
     00000000  l__LIT                          
     00000000  s__CABS                         
     00000000  s__CRASH_HEADER                 
     00000000  s__CRASH_HEADER0                
     00000000  s__CRASH_HEADER1                
     00000000  s__CRASH_SCRATCH                
     00000000  s__CRASH_SCRATCH2               
     00000000  s__DABS                         
     00000000  s__HEADER                       
     00000000  s__HEADER0                      
     00000000  s__HEADER1                      
     00000000  s__HEADER10                     
     00000000  s__HEADER11                     
     00000000  s__HEADER2                      
     00000000  s__HEADER3                      
     00000000  s__HEADER4                      
     00000000  s__HEADER5                      
     00000000  s__HEADER6                      
     00000000  s__HEADER7                      
     00000000  s__HEADER8                      
     00000000  s__HEADER9                      
     00000000  s__HEADER_LCD                   
     00000000  s__HEADER_LCD0                  
     00000000  s__HEADER_SIO                   
     00000000  s__HEADER_SIO0                  
     00000000  s__HEADER_TIMER                 
     00000000  s__HEADER_TIMER0                
     00000000  s__HEADERa                      
     00000000  s__HEADERb                      
     00000000  s__HEADERc                      
     00000000  s__HEADERd                      
     00000000  s__HEADERe                      
     00000000  s__HEADERf                      
     00000000  s__HRAM                         
ASxxxx Linker V03.00/V05.40 + sdld,  page 2.
Hexadecimal  [32-Bits]

Area                                    Addr        Size        Decimal Bytes (Attributes)
--------------------------------        ----        ----        ------- ----- ------------
.  .ABS.                            00000000    00000000 =           0. bytes (ABS,CON)

      Value  Global                              Global Defined In Module
      -----  --------------------------------   ------------------------
     00000000  s__HRAM12                       
     00000001  ___bank_ACTOR                      actor
     00000001  ___bank_VM_SGB                     vm_sgb
     00000001  ___bank_scene_54_init              scene_54_init
     00000001  ___bank_script_input_29            script_input_29
     00000001  b_activate_actor                   actor
     00000001  b_activate_actors_in_col           actor
     00000001  b_activate_actors_in_row           actor
     00000001  b_actor_at_tile                    actor
     00000001  b_actor_get_frame_offset           actor
     00000001  b_actor_in_front_of_player         actor
     00000001  b_actor_overlapping_bb             actor
     00000001  b_actor_overlapping_player         actor
     00000001  b_actor_set_anim_idle              actor
     00000001  b_actor_set_anim_moving            actor
     00000001  b_actor_set_dir                    actor
     00000001  b_actor_set_frame_offset           actor
     00000001  b_actor_set_frames                 actor
     00000001  b_actors_handle_player_collision   actor
     00000001  b_actors_init                      actor
     00000001  b_check_collision_in_direction     actor
     00000001  b_deactivate_actor                 actor
     00000001  b_erase_flash                      
     00000001  b_platform_init                    platform
     00000001  b_platform_update                  platform
     00000001  b_player_init                      actor
     00000001  b_save_sram_banks                  
     00000001  b_ui_draw_frame                    ui
     00000001  b_ui_draw_text_buffer_char         ui
     00000001  b_ui_init                          ui
     00000001  b_ui_load_tiles                    ui
     00000001  b_ui_run_menu                      ui
     00000001  b_ui_run_modal                     ui
     00000001  b_ui_set_start_tile                ui
     00000001  l__GSFINAL                      
     00000001  l__HEADER0                      
     00000001  l__HEADER5                      
     00000001  l__HEADERa                      
     00000001  l__HEADERb                      
     00000001  l__HEADERc                      
     00000001  l__HEADERe                      
     00000001  l__HEADERf                      
     00000002  ___bank_VM_ACTOR                   vm_actor
     00000002  ___bank_VM_MAIN                    vm
     00000002  ___bank_bg_map_tileset             bg_map_tileset
     00000002  ___bank_font_gbs_mono              font_gbs_mono
     00000002  ___bank_scene_10_init              scene_10_init
     00000002  b_script_detach_hthread            vm
     00000002  b_script_execute                   vm
     00000002  b_script_runner_init               vm
     00000002  b_script_terminate                 vm
ASxxxx Linker V03.00/V05.40 + sdld,  page 3.
Hexadecimal  [32-Bits]

Area                                    Addr        Size        Decimal Bytes (Attributes)
--------------------------------        ----        ----        ------- ----- ------------
.  .ABS.                            00000000    00000000 =           0. bytes (ABS,CON)

      Value  Global                              Global Defined In Module
      -----  --------------------------------   ------------------------
     00000002  b_set_sgb_border                   sgb_border
     00000002  b_vm_actor_activate                vm_actor
     00000002  b_vm_actor_begin_update            vm_actor
     00000002  b_vm_actor_deactivate              vm_actor
     00000002  b_vm_actor_emote                   vm_actor
     00000002  b_vm_actor_get_angle               vm_actor
     00000002  b_vm_actor_get_anim_frame          vm_actor
     00000002  b_vm_actor_get_dir                 vm_actor
     00000002  b_vm_actor_get_pos                 vm_actor
     00000002  b_vm_actor_move_cancel             vm_actor
     00000002  b_vm_actor_move_to                 vm_actor
     00000002  b_vm_actor_replace_tile            vm_actor
     00000002  b_vm_actor_set_anim                vm_actor
     00000002  b_vm_actor_set_anim_frame          vm_actor
     00000002  b_vm_actor_set_anim_set            vm_actor
     00000002  b_vm_actor_set_anim_tick           vm_actor
     00000002  b_vm_actor_set_bounds              vm_actor
     00000002  b_vm_actor_set_dir                 vm_actor
     00000002  b_vm_actor_set_flags               vm_actor
     00000002  b_vm_actor_set_move_speed          vm_actor
     00000002  b_vm_actor_set_pos                 vm_actor
     00000002  b_vm_actor_set_spritesheet         vm_actor
     00000002  b_vm_actor_set_spritesheet_by_re   vm_actor
     00000002  b_vm_actor_terminate_update        vm_actor
     00000002  b_vm_call                          vm
     00000002  b_vm_call_far                      vm
     00000002  b_vm_get_indirect                  vm
     00000002  b_vm_get_int16                     vm
     00000002  b_vm_get_int8                      vm
     00000002  b_vm_get_tlocal                    vm
     00000002  b_vm_get_uint8                     vm
     00000002  b_vm_idle                          vm
     00000002  b_vm_if                            vm
     00000002  b_vm_if_const                      vm
     00000002  b_vm_init_rng                      vm
     00000002  b_vm_invoke                        vm
     00000002  b_vm_join                          vm
     00000002  b_vm_jump                          vm
     00000002  b_vm_lock                          vm
     00000002  b_vm_loop                          vm
     00000002  b_vm_memcpy                        vm
     00000002  b_vm_memset                        vm
     00000002  b_vm_poll_loaded                   vm
     00000002  b_vm_pop                           vm
     00000002  b_vm_push                          vm
     00000002  b_vm_push_reference                vm
     00000002  b_vm_push_value                    vm
     00000002  b_vm_push_value_ind                vm
     00000002  b_vm_raise                         vm
     00000002  b_vm_rand                          vm
     00000002  b_vm_reserve                       vm
ASxxxx Linker V03.00/V05.40 + sdld,  page 4.
Hexadecimal  [32-Bits]

Area                                    Addr        Size        Decimal Bytes (Attributes)
--------------------------------        ----        ----        ------- ----- ------------
.  .ABS.                            00000000    00000000 =           0. bytes (ABS,CON)

      Value  Global                              Global Defined In Module
      -----  --------------------------------   ------------------------
     00000002  b_vm_ret                           vm
     00000002  b_vm_ret_far                       vm
     00000002  b_vm_set                           vm
     00000002  b_vm_set_const                     vm
     00000002  b_vm_set_const_int16               vm
     00000002  b_vm_set_const_int8                vm
     00000002  b_vm_set_indirect                  vm
     00000002  b_vm_set_int16                     vm
     00000002  b_vm_set_int8                      vm
     00000002  b_vm_set_uint8                     vm
     00000002  b_vm_terminate                     vm
     00000002  b_vm_test_terminate                vm
     00000002  b_vm_unlock                        vm
     00000002  b_wait_frames                      vm
     00000002  l__HEADER10                     
     00000002  l__HEADER6                      
     00000002  l__HEADERd                      
     00000003  ___bank_bg_controls_sheet_tilese   bg_controls_sheet_tileset
     00000003  ___bank_bg_face_tileset            bg_face_tileset
     00000003  ___bank_bg_quad_tilemap            bg_quad_tilemap
     00000003  ___bank_scene_21_collisions        scene_21_collisions
     00000003  ___bank_scene_31_collisions        scene_31_collisions
     00000003  ___bank_scene_7_collisions         scene_7_collisions
     00000003  ___bank_script_4                   script_4
     00000003  b_input_init                       input
     00000003  l__HEADER9                      
     00000003  l__HEADER_LCD0                  
     00000003  l__HRAM12                       
     00000004  ___bank_VM_GAMEBOY                 vm_gameboy
     00000004  ___bank_VM_UI                      vm_ui
     00000004  ___bank_bg_dormentrance_tileset    bg_dormentrance_tileset
     00000004  ___bank_bg_hallway_sheet_tileset   bg_hallway_sheet_tileset
     00000004  ___bank_bg_menu_sheet_tileset      bg_menu_sheet_tileset
     00000004  ___bank_bootstrap_script           
     00000004  b_adventure_init                   adventure
     00000004  b_adventure_update                 adventure
     00000004  b_do_load_palette                  data_manager
     00000004  b_load_background                  data_manager
     00000004  b_load_bkg_tileset                 data_manager
     00000004  b_load_bounds                      data_manager
     00000004  b_load_emote                       data_manager
     00000004  b_load_init                        data_manager
     00000004  b_load_player                      data_manager
     00000004  b_load_scene                       data_manager
     00000004  b_load_sprite                      data_manager
     00000004  b_scroll_init                      scroll
     00000004  b_scroll_repaint                   scroll
     00000004  b_scroll_reset                     scroll
     00000004  b_scroll_update                    scroll
     00000004  b_shmup_init                       shmup
     00000004  b_shmup_update                     shmup
ASxxxx Linker V03.00/V05.40 + sdld,  page 5.
Hexadecimal  [32-Bits]

Area                                    Addr        Size        Decimal Bytes (Attributes)
--------------------------------        ----        ----        ------- ----- ------------
.  .ABS.                            00000000    00000000 =           0. bytes (ABS,CON)

      Value  Global                              Global Defined In Module
      -----  --------------------------------   ------------------------
     00000004  b_topdown_init                     topdown
     00000004  b_topdown_update                   topdown
     00000004  b_vm_choice                        vm_ui
     00000004  b_vm_context_prepare               vm_gameboy
     00000004  b_vm_display_text                  vm_ui
     00000004  b_vm_fade                          vm_gameboy
     00000004  b_vm_get_tile_xy                   vm_gameboy
     00000004  b_vm_input_attach                  vm_gameboy
     00000004  b_vm_input_detach                  vm_gameboy
     00000004  b_vm_input_get                     vm_gameboy
     00000004  b_vm_input_wait                    vm_gameboy
     00000004  b_vm_load_tiles                    vm_gameboy
     00000004  b_vm_load_tileset                  vm_gameboy
     00000004  b_vm_overlay_clear                 vm_ui
     00000004  b_vm_overlay_move_to               vm_ui
     00000004  b_vm_overlay_scroll                vm_ui
     00000004  b_vm_overlay_set_map               vm_ui
     00000004  b_vm_overlay_set_scroll            vm_ui
     00000004  b_vm_overlay_set_submap            vm_ui
     00000004  b_vm_overlay_set_submap_ex         vm_ui
     00000004  b_vm_overlay_setpos                vm_ui
     00000004  b_vm_overlay_show                  vm_ui
     00000004  b_vm_overlay_wait                  vm_ui
     00000004  b_vm_poll                          vm_gameboy
     00000004  b_vm_replace_tile                  vm_gameboy
     00000004  b_vm_replace_tile_xy               vm_gameboy
     00000004  b_vm_rumble                        vm_gameboy
     00000004  b_vm_set_font                      vm_ui
     00000004  b_vm_set_sprite_mode               vm_gameboy
     00000004  b_vm_set_sprites_visible           vm_gameboy
     00000004  b_vm_set_text_sound                vm_ui
     00000004  b_vm_switch_text_layer             vm_ui
     00000004  b_vm_timer_prepare                 vm_gameboy
     00000004  b_vm_timer_reset                   vm_gameboy
     00000004  b_vm_timer_set                     vm_gameboy
     00000004  b_vm_timer_stop                    vm_gameboy
     00000004  l__CRASH_HEADER1                
     00000004  l__HEADER_SIO0                  
     00000004  l__HEADER_TIMER0                
     00000005  ___bank_bg_dormentrance_tilemap    bg_dormentrance_tilemap
     00000005  ___bank_bg_hewitt_tilemap          bg_hewitt_tilemap
     00000005  ___bank_bg_horizontalwalk2_tilem   bg_horizontalwalk2_tilemap
     00000005  ___bank_bg_verticalwalk2_tileset   bg_verticalwalk2_tileset
     00000005  ___bank_palette_0                  palette_0
     00000005  ___bank_scene_13_collisions        scene_13_collisions
     00000005  ___bank_scene_16_collisions        scene_16_collisions
     00000005  ___bank_scene_24_collisions        scene_24_collisions
     00000005  ___bank_scene_29_collisions        scene_29_collisions
     00000005  ___bank_scene_30_collisions        scene_30_collisions
     00000005  ___bank_scene_35_collisions        scene_35_collisions
     00000005  ___bank_scene_49_collisions        scene_49_collisions
ASxxxx Linker V03.00/V05.40 + sdld,  page 6.
Hexadecimal  [32-Bits]

Area                                    Addr        Size        Decimal Bytes (Attributes)
--------------------------------        ----        ----        ------- ----- ------------
.  .ABS.                            00000000    00000000 =           0. bytes (ABS,CON)

      Value  Global                              Global Defined In Module
      -----  --------------------------------   ------------------------
     00000005  ___bank_scene_8_collisions         scene_8_collisions
     00000005  ___bank_scene_9_collisions         scene_9_collisions
     00000005  ___bank_sprite_bookshelf2_sprite   sprite_bookshelf2_sprite_til
     00000005  b_projectile_launch                projectiles
     00000005  b_projectiles_init                 projectiles
     00000005  l__CRASH_HEADER0                
     00000005  l__HEADER1                      
     00000006  ___bank_bg_cooperfloor2_tilemap    bg_cooperfloor2_tilemap
     00000006  ___bank_bg_horizontalwalk2_tiles   bg_horizontalwalk2_tileset
     00000006  ___bank_bg_horizontalwalk_tilema   bg_horizontalwalk_tilemap
     00000006  ___bank_bg_horizontalwalk_tilese   bg_horizontalwalk_tileset
     00000006  ___bank_bg_pen2ndfloor_tilemap     bg_pen2ndfloor_tilemap
     00000006  ___bank_bg_verticalwalk2_tilemap   bg_verticalwalk2_tilemap
     00000006  ___bank_scene_12_collisions        scene_12_collisions
     00000006  ___bank_scene_22_collisions        scene_22_collisions
     00000006  ___bank_scene_37_collisions        scene_37_collisions
     00000006  ___bank_scene_38_collisions        scene_38_collisions
     00000006  ___bank_scene_39_collisions        scene_39_collisions
     00000006  ___bank_scene_44_collisions        scene_44_collisions
     00000006  ___bank_scene_4_collisions         scene_4_collisions
     00000006  ___bank_scene_50_collisions        scene_50_collisions
     00000006  ___bank_scene_51_collisions        scene_51_collisions
     00000006  ___bank_scene_5_collisions         scene_5_collisions
     00000006  ___bank_trigger_32_interact        trigger_32_interact
     00000006  l__HEADER8                      
     00000007  ___bank_VM_SIO                     vm_sio
     00000007  ___bank_actor_4_interact           actor_4_interact
     00000007  ___bank_actor_7_update             actor_7_update
     00000007  ___bank_bg_pockets_temp_tileset    bg_pockets_temp_tileset
     00000007  ___bank_bg_smallroom_sheet_tiles   bg_smallroom_sheet_tileset
     00000007  ___bank_bg_swiftstr33thouse_tile   bg_swiftstr33thouse_tilemap
     00000007  ___bank_scene_10_collisions        scene_10_collisions
     00000007  ___bank_scene_17_collisions        scene_17_collisions
     00000007  ___bank_scene_2_collisions         scene_2_collisions
     00000007  ___bank_scene_36_collisions        scene_36_collisions
     00000007  ___bank_scene_40_collisions        scene_40_collisions
     00000007  ___bank_scene_45_collisions        scene_45_collisions
     00000007  ___bank_scene_46_collisions        scene_46_collisions
     00000007  ___bank_scene_47_collisions        scene_47_collisions
     00000007  ___bank_scene_6_collisions         scene_6_collisions
     00000007  b___HandleCrash_banked             
     00000007  b_atan2                            math_atan2
     00000007  b_core_reset                       core
     00000007  b_core_run                         core
     00000007  b_data_clear                       load_save
     00000007  b_data_init                        load_save
     00000007  b_data_load                        load_save
     00000007  b_data_peek                        load_save
     00000007  b_data_save                        load_save
     00000007  b_gbprinter_detect                 gbprinter
     00000007  b_gbprinter_print_overlay          gbprinter
ASxxxx Linker V03.00/V05.40 + sdld,  page 7.
Hexadecimal  [32-Bits]

Area                                    Addr        Size        Decimal Bytes (Attributes)
--------------------------------        ----        ----        ------- ----- ------------
.  .ABS.                            00000000    00000000 =           0. bytes (ABS,CON)

      Value  Global                              Global Defined In Module
      -----  --------------------------------   ------------------------
     00000007  b_pointnclick_init                 pointnclick
     00000007  b_pointnclick_update               pointnclick
     00000007  b_trigger_activate_at              trigger
     00000007  b_trigger_activate_at_intersecti   trigger
     00000007  b_trigger_at_intersection          trigger
     00000007  b_trigger_at_tile                  trigger
     00000007  b_trigger_interact                 trigger
     00000007  b_trigger_reset                    trigger
     00000007  b_vm_sio_exchange                  vm_sio
     00000007  b_vm_sio_set_mode                  vm_sio
     00000007  l__HEADER2                      
     00000008  ___bank_VM_CAMERA                  vm_camera
     00000008  ___bank_bg_cooperentrance_tilema   bg_cooperentrance_tilemap
     00000008  ___bank_bg_hallway_sheet_tilemap   bg_hallway_sheet_tilemap
     00000008  ___bank_bg_marano_fun_entrance_t   bg_marano_fun_entrance_tilem
     00000008  ___bank_bg_maranosouthentrance2_   bg_maranosouthentrance2_tile
     00000008  ___bank_bg_platformer1_test_tile   bg_platformer1_test_tilemap
     00000008  ___bank_bg_platformer1_test_tile   bg_platformer1_test_tileset
     00000008  ___bank_bg_swiftstr33thouse_tile   bg_swiftstr33thouse_tileset
     00000008  ___bank_bg_verticalwalk_tilemap    bg_verticalwalk_tilemap
     00000008  ___bank_bg_verticalwalk_tileset    bg_verticalwalk_tileset
     00000008  ___bank_scene_0_collisions         scene_0_collisions
     00000008  ___bank_scene_11_collisions        scene_11_collisions
     00000008  ___bank_scene_18_collisions        scene_18_collisions
     00000008  ___bank_scene_19_collisions        scene_19_collisions
     00000008  ___bank_scene_20_collisions        scene_20_collisions
     00000008  ___bank_scene_23_collisions        scene_23_collisions
     00000008  ___bank_scene_32_collisions        scene_32_collisions
     00000008  ___bank_scene_33_collisions        scene_33_collisions
     00000008  ___bank_scene_34_collisions        scene_34_collisions
     00000008  ___bank_scene_3_actors             scene_3_actors
     00000008  ___bank_scene_41_collisions        scene_41_collisions
     00000008  ___bank_scene_42_collisions        scene_42_collisions
     00000008  ___bank_scene_43_collisions        scene_43_collisions
     00000008  ___bank_scene_48_collisions        scene_48_collisions
     00000008  ___bank_scene_52_collisions        scene_52_collisions
     00000008  ___bank_scene_53_collisions        scene_53_collisions
     00000008  ___bank_script_input_1             script_input_1
     00000008  ___bank_sprite_actor_animated_te   sprite_actor_animated_test__
     00000008  ___bank_sprite_items_temp_sheet_   sprite_items_temp_sheet_tile
     00000008  b_camera_shake_frames              vm_camera
     00000008  b_vm_camera_move_to                vm_camera
     00000008  b_vm_camera_set_pos                vm_camera
     00000008  l__HEADER3                      
     00000009  ___bank_VM_GBPRINTER               vm_gbprinter
     00000009  ___bank_VM_LOAD_SAVE               vm_load_save
     00000009  ___bank_VM_MATH                    vm_math
     00000009  ___bank_VM_MUSIC                   vm_music
     00000009  ___bank_VM_PALETTE                 vm_palette
     00000009  ___bank_VM_PROJECTILE              vm_projectiles
     00000009  ___bank_VM_RTC                     vm_rtc
ASxxxx Linker V03.00/V05.40 + sdld,  page 8.
Hexadecimal  [32-Bits]

Area                                    Addr        Size        Decimal Bytes (Attributes)
--------------------------------        ----        ----        ------- ----- ------------
.  .ABS.                            00000000    00000000 =           0. bytes (ABS,CON)

      Value  Global                              Global Defined In Module
      -----  --------------------------------   ------------------------
     00000009  ___bank_VM_SCENE                   vm_scene
     00000009  ___bank_actor_13_interact          actor_13_interact
     00000009  ___bank_actor_16_interact          actor_16_interact
     00000009  ___bank_actor_1_interact           actor_1_interact
     00000009  ___bank_actor_29_update            actor_29_update
     00000009  ___bank_actor_2_interact           actor_2_interact
     00000009  ___bank_actor_3_interact           actor_3_interact
     00000009  ___bank_actor_5_interact           actor_5_interact
     00000009  ___bank_actor_6_interact           actor_6_interact
     00000009  ___bank_actor_9_interact           actor_9_interact
     00000009  ___bank_bg_controls_sheet_tilema   bg_controls_sheet_tilemap
     00000009  ___bank_bg_face_tilemap            bg_face_tilemap
     00000009  ___bank_bg_hewitt_tileset          bg_hewitt_tileset
     00000009  ___bank_bg_map_tilemap             bg_map_tilemap
     00000009  ___bank_bg_menu_sheet_tilemap      bg_menu_sheet_tilemap
     00000009  ___bank_bg_placeholder_tilemap     bg_placeholder_tilemap
     00000009  ___bank_bg_pockets_temp_tilemap    bg_pockets_temp_tilemap
     00000009  ___bank_bg_smallroom_sheet_tilem   bg_smallroom_sheet_tilemap
     00000009  ___bank_frame_image                frame_image
     00000009  ___bank_scene_14_collisions        scene_14_collisions
     00000009  ___bank_scene_15_collisions        scene_15_collisions
     00000009  ___bank_scene_25_collisions        scene_25_collisions
     00000009  ___bank_scene_26_collisions        scene_26_collisions
     00000009  ___bank_scene_27_collisions        scene_27_collisions
     00000009  ___bank_scene_28_collisions        scene_28_collisions
     00000009  ___bank_scene_2_actors             scene_2_actors
     00000009  ___bank_scene_3_collisions         scene_3_collisions
     00000009  ___bank_scene_54_actors            scene_54_actors
     00000009  ___bank_scene_54_collisions        scene_54_collisions
     00000009  ___bank_scene_55_collisions        scene_55_collisions
     00000009  ___bank_scene_56_collisions        scene_56_collisions
     00000009  ___bank_scene_57_collisions        scene_57_collisions
     00000009  ___bank_scene_58_collisions        scene_58_collisions
     00000009  ___bank_script_9                   script_9
     00000009  ___bank_script_engine_init         
     00000009  ___bank_script_input_17            script_input_17
     00000009  ___bank_script_input_2             script_input_2
     00000009  ___bank_script_input_3             script_input_3
     00000009  ___bank_sprite_actor_animated_te   sprite_actor_animated_test_
     00000009  ___bank_sprite_actor_tileset       sprite_actor_tileset
     00000009  ___bank_sprite_bed_side_sprite_t   sprite_bed_side_sprite_tiles
     00000009  ___bank_sprite_dorm_kitchen_shee   sprite_dorm_kitchen_sheett_t
     00000009  ___bank_sprite_hands_sheet_tiles   sprite_hands_sheet_tileset
     00000009  ___bank_sprite_items_temp_sheet    sprite_items_temp_sheet
     00000009  ___bank_sprite_npc001_0_tileset    sprite_npc001_0_tileset
     00000009  ___bank_sprite_npc002_tileset      sprite_npc002_tileset
     00000009  ___bank_sprite_npc003_tileset      sprite_npc003_tileset
     00000009  ___bank_sprite_npc004_tileset      sprite_npc004_tileset
     00000009  ___bank_sprite_npc005_tileset      sprite_npc005_tileset
     00000009  ___bank_sprite_ron_sheet_tileset   sprite_ron_sheet_tileset
     00000009  ___bank_trigger_15_interact        trigger_15_interact
ASxxxx Linker V03.00/V05.40 + sdld,  page 9.
Hexadecimal  [32-Bits]

Area                                    Addr        Size        Decimal Bytes (Attributes)
--------------------------------        ----        ----        ------- ----- ------------
.  .ABS.                            00000000    00000000 =           0. bytes (ABS,CON)

      Value  Global                              Global Defined In Module
      -----  --------------------------------   ------------------------
     00000009  ___bank_trigger_20_interact        trigger_20_interact
     00000009  ___bank_trigger_21_interact        trigger_21_interact
     00000009  ___bank_trigger_23_interact        trigger_23_interact
     00000009  b_events_init                      events
     00000009  b_fade_applypalettechange          fade_manager
     00000009  b_fade_in                          fade_manager
     00000009  b_fade_in_modal                    fade_manager
     00000009  b_fade_init                        fade_manager
     00000009  b_fade_out                         fade_manager
     00000009  b_fade_out_modal                   fade_manager
     00000009  b_fade_setspeed                    fade_manager
     00000009  b_fade_update                      fade_manager
     00000009  b_itoa_fmt                         vm_ui_a
     00000009  b_music_events_poll                music_manager
     00000009  b_music_init_driver                music_manager
     00000009  b_music_init_events                music_manager
     00000009  b_restore_sram                     flasher
     00000009  b_restore_sram_bank                flasher
     00000009  b_save_sram                        flasher
     00000009  b_timers_init                      events
     00000009  b_vm_cos_scale                     vm_math
     00000009  b_vm_load_palette                  vm_palette
     00000009  b_vm_music_mute                    vm_music
     00000009  b_vm_music_play                    vm_music
     00000009  b_vm_music_routine                 vm_music
     00000009  b_vm_music_setpos                  vm_music
     00000009  b_vm_music_stop                    vm_music
     00000009  b_vm_print_detect                  vm_gbprinter
     00000009  b_vm_print_overlay                 vm_gbprinter
     00000009  b_vm_projectile_launch             vm_projectiles
     00000009  b_vm_projectile_load_type          vm_projectiles
     00000009  b_vm_rtc_get                       vm_rtc
     00000009  b_vm_rtc_latch                     vm_rtc
     00000009  b_vm_rtc_set                       vm_rtc
     00000009  b_vm_rtc_start                     vm_rtc
     00000009  b_vm_save_clear                    vm_load_save
     00000009  b_vm_save_peek                     vm_load_save
     00000009  b_vm_scene_pop                     vm_scene
     00000009  b_vm_scene_pop_all                 vm_scene
     00000009  b_vm_scene_push                    vm_scene
     00000009  b_vm_scene_stack_reset             vm_scene
     00000009  b_vm_sfx_play                      vm_music
     00000009  b_vm_sin_scale                     vm_math
     00000009  b_vm_sound_mastervol               vm_music
     0000000A  ___bank_actor_0_interact           actor_0_interact
     0000000A  ___bank_actor_12_interact          actor_12_interact
     0000000A  ___bank_actor_14_interact          actor_14_interact
     0000000A  ___bank_actor_15_interact          actor_15_interact
     0000000A  ___bank_actor_17_interact          actor_17_interact
     0000000A  ___bank_actor_18_interact          actor_18_interact
     0000000A  ___bank_actor_18_update            actor_18_update
ASxxxx Linker V03.00/V05.40 + sdld,  page 10.
Hexadecimal  [32-Bits]

Area                                    Addr        Size        Decimal Bytes (Attributes)
--------------------------------        ----        ----        ------- ----- ------------
.  .ABS.                            00000000    00000000 =           0. bytes (ABS,CON)

      Value  Global                              Global Defined In Module
      -----  --------------------------------   ------------------------
     0000000A  ___bank_actor_20_update            actor_20_update
     0000000A  ___bank_actor_21_update            actor_21_update
     0000000A  ___bank_actor_22_update            actor_22_update
     0000000A  ___bank_actor_23_update            actor_23_update
     0000000A  ___bank_actor_24_update            actor_24_update
     0000000A  ___bank_actor_25_update            actor_25_update
     0000000A  ___bank_actor_26_interact          actor_26_interact
     0000000A  ___bank_actor_27_update            actor_27_update
     0000000A  ___bank_actor_8_update             actor_8_update
     0000000A  ___bank_bg_controls_sheet          bg_controls_sheet
     0000000A  ___bank_bg_cooperentrance          bg_cooperentrance
     0000000A  ___bank_bg_cooperfloor2            bg_cooperfloor2
     0000000A  ___bank_bg_dormentrance            bg_dormentrance
     0000000A  ___bank_bg_face                    bg_face
     0000000A  ___bank_bg_hallway_sheet           bg_hallway_sheet
     0000000A  ___bank_bg_hewitt                  bg_hewitt
     0000000A  ___bank_bg_horizontalwalk          bg_horizontalwalk
     0000000A  ___bank_bg_horizontalwalk2         bg_horizontalwalk2
     0000000A  ___bank_bg_map                     bg_map
     0000000A  ___bank_bg_marano_fun_entrance     bg_marano_fun_entrance
     0000000A  ___bank_bg_marano_fun_entrance_t   bg_marano_fun_entrance_tiles
     0000000A  ___bank_bg_maranosouthentrance2    bg_maranosouthentrance2
     0000000A  ___bank_bg_maranosouthentrance2_   bg_maranosouthentrance2_tile
     0000000A  ___bank_bg_menu_sheet              bg_menu_sheet
     0000000A  ___bank_bg_pen2ndfloor             bg_pen2ndfloor
     0000000A  ___bank_bg_placeholder             bg_placeholder
     0000000A  ___bank_bg_placeholder_tileset     bg_placeholder_tileset
     0000000A  ___bank_bg_platformer1_test        bg_platformer1_test
     0000000A  ___bank_bg_pockets_temp            bg_pockets_temp
     0000000A  ___bank_bg_quad                    bg_quad
     0000000A  ___bank_bg_quad_tileset            bg_quad_tileset
     0000000A  ___bank_bg_smallroom_sheet         bg_smallroom_sheet
     0000000A  ___bank_bg_swiftstr33thouse        bg_swiftstr33thouse
     0000000A  ___bank_bg_verticalwalk            bg_verticalwalk
     0000000A  ___bank_bg_verticalwalk2           bg_verticalwalk2
     0000000A  ___bank_cursor_image               cursor_image
     0000000A  ___bank_palette_1                  palette_1
     0000000A  ___bank_scene_0                    scene_0
     0000000A  ___bank_scene_0_init               scene_0_init
     0000000A  ___bank_scene_0_triggers           scene_0_triggers
     0000000A  ___bank_scene_10                   scene_10
     0000000A  ___bank_scene_11                   scene_11
     0000000A  ___bank_scene_11_init              scene_11_init
     0000000A  ___bank_scene_12                   scene_12
     0000000A  ___bank_scene_12_init              scene_12_init
     0000000A  ___bank_scene_13                   scene_13
     0000000A  ___bank_scene_13_init              scene_13_init
     0000000A  ___bank_scene_14                   scene_14
     0000000A  ___bank_scene_14_init              scene_14_init
     0000000A  ___bank_scene_15                   scene_15
     0000000A  ___bank_scene_15_init              scene_15_init
ASxxxx Linker V03.00/V05.40 + sdld,  page 11.
Hexadecimal  [32-Bits]

Area                                    Addr        Size        Decimal Bytes (Attributes)
--------------------------------        ----        ----        ------- ----- ------------
.  .ABS.                            00000000    00000000 =           0. bytes (ABS,CON)

      Value  Global                              Global Defined In Module
      -----  --------------------------------   ------------------------
     0000000A  ___bank_scene_16                   scene_16
     0000000A  ___bank_scene_16_init              scene_16_init
     0000000A  ___bank_scene_17                   scene_17
     0000000A  ___bank_scene_17_init              scene_17_init
     0000000A  ___bank_scene_18                   scene_18
     0000000A  ___bank_scene_18_actors            scene_18_actors
     0000000A  ___bank_scene_18_init              scene_18_init
     0000000A  ___bank_scene_18_sprites           scene_18_sprites
     0000000A  ___bank_scene_19                   scene_19
     0000000A  ___bank_scene_19_init              scene_19_init
     0000000A  ___bank_scene_2                    scene_2
     0000000A  ___bank_scene_20                   scene_20
     0000000A  ___bank_scene_20_init              scene_20_init
     0000000A  ___bank_scene_20_triggers          scene_20_triggers
     0000000A  ___bank_scene_21                   scene_21
     0000000A  ___bank_scene_21_init              scene_21_init
     0000000A  ___bank_scene_22                   scene_22
     0000000A  ___bank_scene_22_init              scene_22_init
     0000000A  ___bank_scene_23                   scene_23
     0000000A  ___bank_scene_23_init              scene_23_init
     0000000A  ___bank_scene_24                   scene_24
     0000000A  ___bank_scene_24_init              scene_24_init
     0000000A  ___bank_scene_24_triggers          scene_24_triggers
     0000000A  ___bank_scene_25                   scene_25
     0000000A  ___bank_scene_25_init              scene_25_init
     0000000A  ___bank_scene_26                   scene_26
     0000000A  ___bank_scene_26_init              scene_26_init
     0000000A  ___bank_scene_27                   scene_27
     0000000A  ___bank_scene_27_init              scene_27_init
     0000000A  ___bank_scene_28                   scene_28
     0000000A  ___bank_scene_28_init              scene_28_init
     0000000A  ___bank_scene_29                   scene_29
     0000000A  ___bank_scene_29_init              scene_29_init
     0000000A  ___bank_scene_2_init               scene_2_init
     0000000A  ___bank_scene_2_sprites            scene_2_sprites
     0000000A  ___bank_scene_2_triggers           scene_2_triggers
     0000000A  ___bank_scene_3                    scene_3
     0000000A  ___bank_scene_30                   scene_30
     0000000A  ___bank_scene_30_init              scene_30_init
     0000000A  ___bank_scene_31                   scene_31
     0000000A  ___bank_scene_31_init              scene_31_init
     0000000A  ___bank_scene_31_triggers          scene_31_triggers
     0000000A  ___bank_scene_32                   scene_32
     0000000A  ___bank_scene_32_init              scene_32_init
     0000000A  ___bank_scene_33                   scene_33
     0000000A  ___bank_scene_33_init              scene_33_init
     0000000A  ___bank_scene_34                   scene_34
     0000000A  ___bank_scene_34_init              scene_34_init
     0000000A  ___bank_scene_35                   scene_35
     0000000A  ___bank_scene_35_init              scene_35_init
     0000000A  ___bank_scene_35_triggers          scene_35_triggers
ASxxxx Linker V03.00/V05.40 + sdld,  page 12.
Hexadecimal  [32-Bits]

Area                                    Addr        Size        Decimal Bytes (Attributes)
--------------------------------        ----        ----        ------- ----- ------------
.  .ABS.                            00000000    00000000 =           0. bytes (ABS,CON)

      Value  Global                              Global Defined In Module
      -----  --------------------------------   ------------------------
     0000000A  ___bank_scene_36                   scene_36
     0000000A  ___bank_scene_36_init              scene_36_init
     0000000A  ___bank_scene_36_triggers          scene_36_triggers
     0000000A  ___bank_scene_37                   scene_37
     0000000A  ___bank_scene_37_init              scene_37_init
     0000000A  ___bank_scene_38                   scene_38
     0000000A  ___bank_scene_38_init              scene_38_init
     0000000A  ___bank_scene_39                   scene_39
     0000000A  ___bank_scene_39_init              scene_39_init
     0000000A  ___bank_scene_39_triggers          scene_39_triggers
     0000000A  ___bank_scene_3_init               scene_3_init
     0000000A  ___bank_scene_3_sprites            scene_3_sprites
     0000000A  ___bank_scene_3_triggers           scene_3_triggers
     0000000A  ___bank_scene_4                    scene_4
     0000000A  ___bank_scene_40                   scene_40
     0000000A  ___bank_scene_40_init              scene_40_init
     0000000A  ___bank_scene_40_triggers          scene_40_triggers
     0000000A  ___bank_scene_41                   scene_41
     0000000A  ___bank_scene_41_init              scene_41_init
     0000000A  ___bank_scene_41_triggers          scene_41_triggers
     0000000A  ___bank_scene_42                   scene_42
     0000000A  ___bank_scene_42_actors            scene_42_actors
     0000000A  ___bank_scene_42_init              scene_42_init
     0000000A  ___bank_scene_42_sprites           scene_42_sprites
     0000000A  ___bank_scene_42_triggers          scene_42_triggers
     0000000A  ___bank_scene_43                   scene_43
     0000000A  ___bank_scene_43_init              scene_43_init
     0000000A  ___bank_scene_43_triggers          scene_43_triggers
     0000000A  ___bank_scene_44                   scene_44
     0000000A  ___bank_scene_44_init              scene_44_init
     0000000A  ___bank_scene_45                   scene_45
     0000000A  ___bank_scene_45_init              scene_45_init
     0000000A  ___bank_scene_46                   scene_46
     0000000A  ___bank_scene_46_init              scene_46_init
     0000000A  ___bank_scene_47                   scene_47
     0000000A  ___bank_scene_47_init              scene_47_init
     0000000A  ___bank_scene_48                   scene_48
     0000000A  ___bank_scene_48_init              scene_48_init
     0000000A  ___bank_scene_49                   scene_49
     0000000A  ___bank_scene_49_init              scene_49_init
     0000000A  ___bank_scene_4_init               scene_4_init
     0000000A  ___bank_scene_5                    scene_5
     0000000A  ___bank_scene_50                   scene_50
     0000000A  ___bank_scene_50_init              scene_50_init
     0000000A  ___bank_scene_51                   scene_51
     0000000A  ___bank_scene_51_init              scene_51_init
     0000000A  ___bank_scene_52                   scene_52
     0000000A  ___bank_scene_52_init              scene_52_init
     0000000A  ___bank_scene_53                   scene_53
     0000000A  ___bank_scene_53_actors            scene_53_actors
     0000000A  ___bank_scene_53_init              scene_53_init
ASxxxx Linker V03.00/V05.40 + sdld,  page 13.
Hexadecimal  [32-Bits]

Area                                    Addr        Size        Decimal Bytes (Attributes)
--------------------------------        ----        ----        ------- ----- ------------
.  .ABS.                            00000000    00000000 =           0. bytes (ABS,CON)

      Value  Global                              Global Defined In Module
      -----  --------------------------------   ------------------------
     0000000A  ___bank_scene_53_sprites           scene_53_sprites
     0000000A  ___bank_scene_53_triggers          scene_53_triggers
     0000000A  ___bank_scene_54                   scene_54
     0000000A  ___bank_scene_54_sprites           scene_54_sprites
     0000000A  ___bank_scene_55                   scene_55
     0000000A  ___bank_scene_55_init              scene_55_init
     0000000A  ___bank_scene_55_triggers          scene_55_triggers
     0000000A  ___bank_scene_56                   scene_56
     0000000A  ___bank_scene_56_init              scene_56_init
     0000000A  ___bank_scene_57                   scene_57
     0000000A  ___bank_scene_57_init              scene_57_init
     0000000A  ___bank_scene_58                   scene_58
     0000000A  ___bank_scene_58_init              scene_58_init
     0000000A  ___bank_scene_5_init               scene_5_init
     0000000A  ___bank_scene_6                    scene_6
     0000000A  ___bank_scene_6_init               scene_6_init
     0000000A  ___bank_scene_7                    scene_7
     0000000A  ___bank_scene_7_init               scene_7_init
     0000000A  ___bank_scene_8                    scene_8
     0000000A  ___bank_scene_8_init               scene_8_init
     0000000A  ___bank_scene_9                    scene_9
     0000000A  ___bank_scene_9_init               scene_9_init
     0000000A  ___bank_scene_9_triggers           scene_9_triggers
     0000000A  ___bank_script_7                   script_7
     0000000A  ___bank_script_8                   script_8
     0000000A  ___bank_script_input_0             script_input_0
     0000000A  ___bank_script_input_10            script_input_10
     0000000A  ___bank_script_input_11            script_input_11
     0000000A  ___bank_script_input_12            script_input_12
     0000000A  ___bank_script_input_13            script_input_13
     0000000A  ___bank_script_input_14            script_input_14
     0000000A  ___bank_script_input_15            script_input_15
     0000000A  ___bank_script_input_16            script_input_16
     0000000A  ___bank_script_input_18            script_input_18
     0000000A  ___bank_script_input_19            script_input_19
     0000000A  ___bank_script_input_20            script_input_20
     0000000A  ___bank_script_input_21            script_input_21
     0000000A  ___bank_script_input_22            script_input_22
     0000000A  ___bank_script_input_23            script_input_23
     0000000A  ___bank_script_input_24            script_input_24
     0000000A  ___bank_script_input_25            script_input_25
     0000000A  ___bank_script_input_26            script_input_26
     0000000A  ___bank_script_input_27            script_input_27
     0000000A  ___bank_script_input_28            script_input_28
     0000000A  ___bank_script_input_30            script_input_30
     0000000A  ___bank_script_input_31            script_input_31
     0000000A  ___bank_script_input_32            script_input_32
     0000000A  ___bank_script_input_4             script_input_4
     0000000A  ___bank_script_input_5             script_input_5
     0000000A  ___bank_script_input_6             script_input_6
     0000000A  ___bank_script_input_7             script_input_7
ASxxxx Linker V03.00/V05.40 + sdld,  page 14.
Hexadecimal  [32-Bits]

Area                                    Addr        Size        Decimal Bytes (Attributes)
--------------------------------        ----        ----        ------- ----- ------------
.  .ABS.                            00000000    00000000 =           0. bytes (ABS,CON)

      Value  Global                              Global Defined In Module
      -----  --------------------------------   ------------------------
     0000000A  ___bank_script_input_8             script_input_8
     0000000A  ___bank_script_input_9             script_input_9
     0000000A  ___bank_sprite_actor               sprite_actor
     0000000A  ___bank_sprite_bed_side_sprite     sprite_bed_side_sprite
     0000000A  ___bank_sprite_bed_sprite          sprite_bed_sprite
     0000000A  ___bank_sprite_bed_sprite_tilese   sprite_bed_sprite_tileset
     0000000A  ___bank_sprite_bookshelf2_sprite   sprite_bookshelf2_sprite
     0000000A  ___bank_sprite_bookshelf_sprite    sprite_bookshelf_sprite
     0000000A  ___bank_sprite_bookshelf_sprite_   sprite_bookshelf_sprite_tile
     0000000A  ___bank_sprite_dorm_kitchen_shee   sprite_dorm_kitchen_sheett
     0000000A  ___bank_sprite_goose_sprite1       sprite_goose_sprite1
     0000000A  ___bank_sprite_goose_sprite1_til   sprite_goose_sprite1_tileset
     0000000A  ___bank_sprite_hands_sheet         sprite_hands_sheet
     0000000A  ___bank_sprite_hidden_trigger_sp   sprite_hidden_trigger_sprit_
     0000000A  ___bank_sprite_hidden_trigger_sp   sprite_hidden_trigger_sprit_
     0000000A  ___bank_sprite_npc001_0            sprite_npc001_0
     0000000A  ___bank_sprite_npc002              sprite_npc002
     0000000A  ___bank_sprite_npc003              sprite_npc003
     0000000A  ___bank_sprite_npc004              sprite_npc004
     0000000A  ___bank_sprite_npc005              sprite_npc005
     0000000A  ___bank_sprite_ron_sheet           sprite_ron_sheet
     0000000A  ___bank_sprite_trash_sprite        sprite_trash_sprite
     0000000A  ___bank_sprite_trash_sprite_tile   sprite_trash_sprite_tileset
     0000000A  ___bank_sprite_tvsprite            sprite_tvsprite
     0000000A  ___bank_sprite_tvsprite_tileset    sprite_tvsprite_tileset
     0000000A  ___bank_sprite_wardrobe_back_spr   sprite_wardrobe_back_sprite
     0000000A  ___bank_sprite_wardrobe_back_spr   sprite_wardrobe_back_sprite_
     0000000A  ___bank_spritesheet_none           spritesheet_none
     0000000A  ___bank_trigger_0_interact         trigger_0_interact
     0000000A  ___bank_trigger_10_interact        trigger_10_interact
     0000000A  ___bank_trigger_11_interact        trigger_11_interact
     0000000A  ___bank_trigger_12_interact        trigger_12_interact
     0000000A  ___bank_trigger_13_interact        trigger_13_interact
     0000000A  ___bank_trigger_14_interact        trigger_14_interact
     0000000A  ___bank_trigger_16_interact        trigger_16_interact
     0000000A  ___bank_trigger_17_interact        trigger_17_interact
     0000000A  ___bank_trigger_18_interact        trigger_18_interact
     0000000A  ___bank_trigger_19_interact        trigger_19_interact
     0000000A  ___bank_trigger_1_interact         trigger_1_interact
     0000000A  ___bank_trigger_22_interact        trigger_22_interact
     0000000A  ___bank_trigger_24_interact        trigger_24_interact
     0000000A  ___bank_trigger_25_interact        trigger_25_interact
     0000000A  ___bank_trigger_2_interact         trigger_2_interact
     0000000A  ___bank_trigger_31_interact        trigger_31_interact
     0000000A  ___bank_trigger_33_interact        trigger_33_interact
     0000000A  ___bank_trigger_34_interact        trigger_34_interact
     0000000A  ___bank_trigger_35_interact        trigger_35_interact
     0000000A  ___bank_trigger_36_interact        trigger_36_interact
     0000000A  ___bank_trigger_37_interact        trigger_37_interact
     0000000A  ___bank_trigger_38_interact        trigger_38_interact
     0000000A  ___bank_trigger_3_interact         trigger_3_interact
ASxxxx Linker V03.00/V05.40 + sdld,  page 15.
Hexadecimal  [32-Bits]

Area                                    Addr        Size        Decimal Bytes (Attributes)
--------------------------------        ----        ----        ------- ----- ------------
.  .ABS.                            00000000    00000000 =           0. bytes (ABS,CON)

      Value  Global                              Global Defined In Module
      -----  --------------------------------   ------------------------
     0000000A  ___bank_trigger_4_interact         trigger_4_interact
     0000000A  ___bank_trigger_5_interact         trigger_5_interact
     0000000A  ___bank_trigger_6_interact         trigger_6_interact
     0000000A  ___bank_trigger_7_interact         trigger_7_interact
     0000000A  ___bank_trigger_8_interact         trigger_8_interact
     0000000A  ___bank_trigger_9_interact         trigger_9_interact
     0000000A  b_SIO_init                         sio
     0000000A  b_camera_init                      camera
     0000000A  b_camera_reset                     camera
     0000000A  b_logo_init                        logo
     0000000A  b_logo_update                      logo
     0000000A  b_palette_init                     palette
     0000000A  b_parallax_init                    parallax
     0000000A  b_remove_LCD_ISRs                  interrupts
     0000000A  b_scroll_rect                      
     0000000C  __start_save                    
     0000001A  l__INITIALIZED                  
     0000001A  l__INITIALIZER                  
     0000002D  l__GSINIT                       
     00000030  l__HEADER7                      
     00000060  l__HEADER4                      
     000000AB  l__HEADER11                     
     000001CB  l__CRASH_SCRATCH2               
     00000200  s__CODE                         
     000008E9  l__CODE                         
     00000AE9  s__HOME                         
     00001971  l__DATA                         
     00002000  _rROMB0                            
     000029CB  l__HOME                         
     00002A5A  l__CODE_10                      
     00003000  _rROMB1                            
     000034B4  s__BASE                         
     000034B4  s__CODE_0                       
     000034B4  s__INITIALIZER                  
     000034B4  s__LIT                          
     000034CE  s__GSINIT                       
     000034FB  s__GSFINAL                      
     00003FF3  l__CODE_1                       
     00003FFF  l__CODE_2                       
     00003FFF  l__CODE_9                       
     00004000  _RTC_SELECT_REG                    vm_rtc
     00004000  _rRAMB                             
     00004000  l__CODE_3                       
     00004000  l__CODE_4                       
     00004000  l__CODE_5                       
     00004000  l__CODE_6                       
     00004000  l__CODE_7                       
     00004000  l__CODE_8                       
     00006000  _RTC_LATCH_REG                     vm_rtc
     00008000  __VRAM                             
     00008000  __VRAM8000                         
ASxxxx Linker V03.00/V05.40 + sdld,  page 16.
Hexadecimal  [32-Bits]

Area                                    Addr        Size        Decimal Bytes (Attributes)
--------------------------------        ----        ----        ------- ----- ------------
.  .ABS.                            00000000    00000000 =           0. bytes (ABS,CON)

      Value  Global                              Global Defined In Module
      -----  --------------------------------   ------------------------
     00008800  __VRAM8800                         
     00009000  __VRAM9000                         
     00009800  __SCRN0                            
     00009C00  __SCRN1                            
     0000A000  _RTC_VALUE_REG                     vm_rtc
     0000A000  __SRAM                             
     0000C000  __RAM                              
     0000C000  _shadow_OAM                     
     0000C0A0  s__DATA                         
     0000D000  __RAMBANK                          
     0000DA11  s__BSS                          
     0000DA11  s__INITIALIZED                  
     0000DA2B  s__HEAP                         
     0000DA2B  s__HEAP_END                     
     0000DF00  .STACK                          
     0000DF00  _shadow_OAM2                       absolute
     0000DFA0  _BkgPalette                        absolute
     0000DFE0  _vwf_tile_data                     absolute
     0000FE00  __OAMRAM                           
     0000FF00  _P1_REG                            
     0000FF00  __IO                               
     0000FF01  _SB_REG                            
     0000FF02  _SC_REG                            
     0000FF04  _DIV_REG                           
     0000FF05  _TIMA_REG                          
     0000FF06  _TMA_REG                           
     0000FF07  _TAC_REG                           
     0000FF0F  _IF_REG                            
     0000FF10  _NR10_REG                          
     0000FF11  _NR11_REG                          
     0000FF12  _NR12_REG                          
     0000FF13  _NR13_REG                          
     0000FF14  _NR14_REG                          
     0000FF16  _NR21_REG                          
     0000FF17  _NR22_REG                          
     0000FF18  _NR23_REG                          
     0000FF19  _NR24_REG                          
     0000FF1A  _NR30_REG                          
     0000FF1B  _NR31_REG                          
     0000FF1C  _NR32_REG                          
     0000FF1D  _NR33_REG                          
     0000FF1E  _NR34_REG                          
     0000FF20  _NR41_REG                          
     0000FF21  _NR42_REG                          
     0000FF22  _NR43_REG                          
     0000FF23  _NR44_REG                          
     0000FF24  _NR50_REG                          
     0000FF25  _NR51_REG                          
     0000FF26  _NR52_REG                          
     0000FF30  _AUD3WAVE                          
     0000FF30  _PCM_SAMPLE                        
ASxxxx Linker V03.00/V05.40 + sdld,  page 17.
Hexadecimal  [32-Bits]

Area                                    Addr        Size        Decimal Bytes (Attributes)
--------------------------------        ----        ----        ------- ----- ------------
.  .ABS.                            00000000    00000000 =           0. bytes (ABS,CON)

      Value  Global                              Global Defined In Module
      -----  --------------------------------   ------------------------
     0000FF30  __AUD3WAVERAM                      
     0000FF40  _LCDC_REG                          
     0000FF41  _STAT_REG                          
     0000FF42  _SCY_REG                           
     0000FF43  _SCX_REG                           
     0000FF44  _LY_REG                            
     0000FF45  _LYC_REG                           
     0000FF46  _DMA_REG                           
     0000FF47  _BGP_REG                           
     0000FF48  _OBP0_REG                          
     0000FF49  _OBP1_REG                          
     0000FF4A  _WY_REG                            
     0000FF4B  _WX_REG                            
     0000FF4D  _KEY1_REG                          
     0000FF4F  _VBK_REG                           
     0000FF51  _HDMA1_REG                         
     0000FF52  _HDMA2_REG                         
     0000FF53  _HDMA3_REG                         
     0000FF54  _HDMA4_REG                         
     0000FF55  _HDMA5_REG                         
     0000FF56  _RP_REG                            
     0000FF68  _BCPS_REG                          
     0000FF69  _BCPD_REG                          
     0000FF6A  _OCPS_REG                          
     0000FF6B  _OCPD_REG                          
     0000FF70  _SVBK_REG                          
     0000FF76  _PCM12_REG                         
     0000FF77  _PCM34_REG                         
     0000FF80  .refresh_OAM                    
     0000FF80  __HRAM                             
     0000FFFF  _IE_REG                            
     00014000  s__CODE_1                       
     00024000  s__CODE_2                       
     00034000  s__CODE_3                       
     00044000  s__CODE_4                       
     00054000  s__CODE_5                       
     00064000  s__CODE_6                       
     00074000  s__CODE_7                       
     00084000  s__CODE_8                       
     00094000  s__CODE_9                       
     000A4000  s__CODE_10                      

ASxxxx Linker V03.00/V05.40 + sdld,  page 18.
Hexadecimal  [32-Bits]

Area                                    Addr        Size        Decimal Bytes (Attributes)
--------------------------------        ----        ----        ------- ----- ------------
_CODE                               00000200    000008E9 =        2281. bytes (REL,CON)

      Value  Global                              Global Defined In Module
      -----  --------------------------------   ------------------------
     00000200  ___HandleCrash                     
     0000020A  _SIO_send_byte                     
     0000021D  _SIO_receive                       
     0000022E  _GetWinAddr                        
     00000236  _GetBkgAddr                        
     00000244  _state_init                        
     00000249  _state_update                      
     0000026B  _ui_time_masks                     
     00000273  _ui_print_shift_char               
     000002F6  _ui_draw_frame_row                 
     000002FF  .ui_draw_frame_row                 
     00000328  _script_cmds                       vm_instructions
     00000560  _save_signature                    game_signature
     00000564  _start_scene_x                     
     00000566  _start_scene_y                     
     00000568  _start_scene_dir                   
     00000569  _start_scene                       
     0000056C  _start_player_move_speed           
     0000056D  _start_player_anim_tick            
     0000056E  _ui_fonts                          
     00000571  _core_reset_hook                   main
     00000579  _main                              main
     00000581  _state_start_fns                   
     00000593  _state_update_fns                  
     000005A5  _get_vram_byte                     
     000005AD  _get_win_tile_xy                   
     000005B5  _get_bkg_tile_xy                   
     000005F9  gbt_get_pattern_ptr_banked         
     00000618  _gbt_play                          
     000006D3  _gbt_pause                         
     000006E4  _gbt_loop                          
     000006EB  _gbt_stop                          
     000006F6  _gbt_enable_channels               
     000006FD  _gbt_update                        
     00000802  _hide_sprites_range                Metasprites
     00000831  __mulsuchar                        mul
     00000834  __muluschar                        mul
     0000083D  __mulschar                         mul
     00000845  __mulint                           mul
     00000864  __muluchar                         mul
     00000876  _set_vram_byte                     
     0000087F  _set_win_tile_xy                   
     00000887  _set_bkg_tile_xy                   
     000008B1  .sgb_check                         
     000008B1  _sgb_check                         
     000008F9  _sgb_transfer                      
     000008FE  .sgb_transfer                      
     0000093F  .copy_vram                         
     00000945  _get_data                          
     00000945  _set_data                          
ASxxxx Linker V03.00/V05.40 + sdld,  page 19.
Hexadecimal  [32-Bits]

Area                                    Addr        Size        Decimal Bytes (Attributes)
--------------------------------        ----        ----        ------- ----- ------------
_CODE                               00000200    000008E9 =        2281. bytes (REL,CON)

      Value  Global                              Global Defined In Module
      -----  --------------------------------   ------------------------
     00000945  _vmemcpy                           
     00000993  ___move_metasprite                 Metasprites
     000009D0  ___memcpy                          
     000009D0  _memcpy                            
     00000A02  __divsuchar                        divmod
     00000A08  __modsuchar                        divmod
     00000A11  __divuschar                        divmod
     00000A1A  __moduschar                        divmod
     00000A26  __divschar                         divmod
     00000A2B  __modschar                         divmod
     00000A32  __divsint                          divmod
     00000A3B  __modsint                          divmod
     00000A47  __divuchar                         divmod
     00000A4C  __moduchar                         divmod
     00000A53  __divuint                          divmod
     00000A5C  __moduint                          divmod
     00000A68  .div8                              divmod
     00000A68  .mod8                              divmod
     00000A70  .div16                             divmod
     00000A70  .mod16                             divmod
     00000AA6  .divu8                             divmod
     00000AA6  .modu8                             divmod
     00000AA9  .divu16                            divmod
     00000AA9  .modu16                            divmod

ASxxxx Linker V03.00/V05.40 + sdld,  page 20.
Hexadecimal  [32-Bits]

Area                                    Addr        Size        Decimal Bytes (Attributes)
--------------------------------        ----        ----        ------- ----- ------------
_HEADER0                            00000000    00000001 =           1. bytes (ABS,CON)

      Value  Global                              Global Defined In Module
      -----  --------------------------------   ------------------------
     00000020  .call_hl                           Runtime

ASxxxx Linker V03.00/V05.40 + sdld,  page 21.
Hexadecimal  [32-Bits]

Area                                    Addr        Size        Decimal Bytes (Attributes)
--------------------------------        ----        ----        ------- ----- ------------
_HEADER1                            00000000    00000005 =           5. bytes (ABS,CON)

      Value  Global                              Global Defined In Module
      -----  --------------------------------   ------------------------
     00000028  .MemsetSmall                       Runtime

ASxxxx Linker V03.00/V05.40 + sdld,  page 22.
Hexadecimal  [32-Bits]

Area                                    Addr        Size        Decimal Bytes (Attributes)
--------------------------------        ----        ----        ------- ----- ------------
_HEADER2                            00000000    00000007 =           7. bytes (ABS,CON)

      Value  Global                              Global Defined In Module
      -----  --------------------------------   ------------------------
     00000030  .MemcpySmall                       Runtime

ASxxxx Linker V03.00/V05.40 + sdld,  page 23.
Hexadecimal  [32-Bits]

Area                                    Addr        Size        Decimal Bytes (Attributes)
--------------------------------        ----        ----        ------- ----- ------------
_HEADER3                            00000000    00000008 =           8. bytes (ABS,CON)

      Value  Global                              Global Defined In Module
      -----  --------------------------------   ------------------------
ASxxxx Linker V03.00/V05.40 + sdld,  page 24.
Hexadecimal  [32-Bits]

Area                                    Addr        Size        Decimal Bytes (Attributes)
--------------------------------        ----        ----        ------- ----- ------------
_HEADER4                            00000000    00000060 =          96. bytes (ABS,CON)

      Value  Global                              Global Defined In Module
      -----  --------------------------------   ------------------------
     00000080  .int                               Runtime
     0000008F  _wait_int_handler                  Runtime
     0000009C  __standard_VBL_handler             Runtime
     000000AB  _refresh_OAM                       Runtime
     000000CC  _set_interrupts                    Runtime

ASxxxx Linker V03.00/V05.40 + sdld,  page 25.
Hexadecimal  [32-Bits]

Area                                    Addr        Size        Decimal Bytes (Attributes)
--------------------------------        ----        ----        ------- ----- ------------
_HEADER5                            00000000    00000001 =           1. bytes (ABS,CON)

      Value  Global                              Global Defined In Module
      -----  --------------------------------   ------------------------
ASxxxx Linker V03.00/V05.40 + sdld,  page 26.
Hexadecimal  [32-Bits]

Area                                    Addr        Size        Decimal Bytes (Attributes)
--------------------------------        ----        ----        ------- ----- ------------
_HEADER6                            00000000    00000002 =           2. bytes (ABS,CON)

      Value  Global                              Global Defined In Module
      -----  --------------------------------   ------------------------
ASxxxx Linker V03.00/V05.40 + sdld,  page 27.
Hexadecimal  [32-Bits]

Area                                    Addr        Size        Decimal Bytes (Attributes)
--------------------------------        ----        ----        ------- ----- ------------
_HEADER7                            00000000    00000030 =          48. bytes (ABS,CON)

      Value  Global                              Global Defined In Module
      -----  --------------------------------   ------------------------
ASxxxx Linker V03.00/V05.40 + sdld,  page 28.
Hexadecimal  [32-Bits]

Area                                    Addr        Size        Decimal Bytes (Attributes)
--------------------------------        ----        ----        ------- ----- ------------
_HEADER8                            00000000    00000006 =           6. bytes (ABS,CON)

      Value  Global                              Global Defined In Module
      -----  --------------------------------   ------------------------
ASxxxx Linker V03.00/V05.40 + sdld,  page 29.
Hexadecimal  [32-Bits]

Area                                    Addr        Size        Decimal Bytes (Attributes)
--------------------------------        ----        ----        ------- ----- ------------
_HEADER9                            00000000    00000003 =           3. bytes (ABS,CON)

      Value  Global                              Global Defined In Module
      -----  --------------------------------   ------------------------
ASxxxx Linker V03.00/V05.40 + sdld,  page 30.
Hexadecimal  [32-Bits]

Area                                    Addr        Size        Decimal Bytes (Attributes)
--------------------------------        ----        ----        ------- ----- ------------
_HEADERa                            00000000    00000001 =           1. bytes (ABS,CON)

      Value  Global                              Global Defined In Module
      -----  --------------------------------   ------------------------
ASxxxx Linker V03.00/V05.40 + sdld,  page 31.
Hexadecimal  [32-Bits]

Area                                    Addr        Size        Decimal Bytes (Attributes)
--------------------------------        ----        ----        ------- ----- ------------
_HEADERb                            00000000    00000001 =           1. bytes (ABS,CON)

      Value  Global                              Global Defined In Module
      -----  --------------------------------   ------------------------
ASxxxx Linker V03.00/V05.40 + sdld,  page 32.
Hexadecimal  [32-Bits]

Area                                    Addr        Size        Decimal Bytes (Attributes)
--------------------------------        ----        ----        ------- ----- ------------
_HEADERc                            00000000    00000001 =           1. bytes (ABS,CON)

      Value  Global                              Global Defined In Module
      -----  --------------------------------   ------------------------
ASxxxx Linker V03.00/V05.40 + sdld,  page 33.
Hexadecimal  [32-Bits]

Area                                    Addr        Size        Decimal Bytes (Attributes)
--------------------------------        ----        ----        ------- ----- ------------
_HEADERd                            00000000    00000002 =           2. bytes (ABS,CON)

      Value  Global                              Global Defined In Module
      -----  --------------------------------   ------------------------
ASxxxx Linker V03.00/V05.40 + sdld,  page 34.
Hexadecimal  [32-Bits]

Area                                    Addr        Size        Decimal Bytes (Attributes)
--------------------------------        ----        ----        ------- ----- ------------
_HEADERe                            00000000    00000001 =           1. bytes (ABS,CON)

      Value  Global                              Global Defined In Module
      -----  --------------------------------   ------------------------
ASxxxx Linker V03.00/V05.40 + sdld,  page 35.
Hexadecimal  [32-Bits]

Area                                    Addr        Size        Decimal Bytes (Attributes)
--------------------------------        ----        ----        ------- ----- ------------
_HEADERf                            00000000    00000001 =           1. bytes (ABS,CON)

      Value  Global                              Global Defined In Module
      -----  --------------------------------   ------------------------
ASxxxx Linker V03.00/V05.40 + sdld,  page 36.
Hexadecimal  [32-Bits]

Area                                    Addr        Size        Decimal Bytes (Attributes)
--------------------------------        ----        ----        ------- ----- ------------
_HEADER10                           00000000    00000002 =           2. bytes (ABS,CON)

      Value  Global                              Global Defined In Module
      -----  --------------------------------   ------------------------
ASxxxx Linker V03.00/V05.40 + sdld,  page 37.
Hexadecimal  [32-Bits]

Area                                    Addr        Size        Decimal Bytes (Attributes)
--------------------------------        ----        ----        ------- ----- ------------
_HEADER11                           00000000    000000AB =         171. bytes (ABS,CON)

      Value  Global                              Global Defined In Module
      -----  --------------------------------   ------------------------
     00000150  .reset                             Runtime
     00000150  _reset                             Runtime
     00000157  .code_start                        Runtime
     000001B9  _exit                              Runtime
     000001BD  .wait_vbl_done                     Runtime
     000001BD  _vsync                             Runtime
     000001BD  _wait_vbl_done                     Runtime
     000001CD  .remove_VBL                        Runtime
     000001CD  _remove_VBL                        Runtime
     000001D0  .remove_int                        Runtime
     000001ED  .add_VBL                           Runtime
     000001ED  _add_VBL                           Runtime
     000001F0  .add_int                           Runtime

ASxxxx Linker V03.00/V05.40 + sdld,  page 38.
Hexadecimal  [32-Bits]

Area                                    Addr        Size        Decimal Bytes (Attributes)
--------------------------------        ----        ----        ------- ----- ------------
_HOME                               00000AE9    000029CB =       10699. bytes (REL,CON)

      Value  Global                              Global Defined In Module
      -----  --------------------------------   ------------------------
     00000AE9  .memset_simple                     Runtime
     00000AF2  .memcpy_simple                     Runtime
     00000B0F  .display_off                       Runtime
     00000B0F  _display_off                       Runtime
     00000B27  _actors_update                     actor
     00000F1A  _SetBankedBkgData                  bankdata
     00000F36  _SetBankedSpriteData               bankdata
     00000F52  _SetBankedBkgTiles                 bankdata
     00000F6E  _SetBankedWinTiles                 bankdata
     00000F8A  _ReadBankedFarPtr                  bankdata
     00000FAC  _ReadBankedUWORD                   bankdata
     00000FC6  _MemcpyBanked                      bankdata
     00000FE8  _MemcpyVRAMBanked                  bankdata
     00001017  _IndexOfFarPtr                     bankdata
     0000109C  _camera_update                     camera
     000011CF  _load_animations                   data_manager
     00001228  _events_update                     events
     000012FB  _timers_update                     events
     00001384  _input_update                      input
     000013A7  .sio_ISR                           
     00001401  .timer_ISR                         
     00001416  _simple_LCD_isr                    interrupts
     00001495  _fullscreen_LCD_isr                interrupts
     000014C1  _VBL_isr                           interrupts
     0000150B  _isqrt                             math
     00001568  _sine_wave                         math
     00001668  _dir_lookup                        math
     00001670  _dir_angle_lookup                  math
     00001674  _music_events_update               music_manager
     000016F6  _music_play_isr                    music_manager
     000017C4  _parallax_LCD_isr                  parallax
     00001801  _projectiles_update                projectiles
     00001C82  _projectiles_render                projectiles
     00001DD7  _scroll_load_pending_row           scroll
     00001E25  _scroll_load_row                   scroll
     00001E65  _scroll_load_col                   scroll
     00001E9A  _scroll_load_pending_col           scroll
     00001EE9  _set_bkg_submap                    
     00001F2C  _set_xy_win_submap                 
     00001F59  .set_xy_win_submap                 
     00001F62  .set_xy_bkg_submap                 
     00001F71  .set_xy_submap                     
     00001FBB  _sfx_play_isr                      sfx_player
     00002094  _on_SIO_receive                    sio
     000020D5  _SIO_update                        sio
     0000213C  _ui_update                         ui
     00002274  _vm_sgb_transfer                   vm_sgb
     000022C1  _vm_load_text                      vm_ui
     00002517  _vm_switch                         vm
     00002648  _vm_beginthread                    vm
ASxxxx Linker V03.00/V05.40 + sdld,  page 39.
Hexadecimal  [32-Bits]

Area                                    Addr        Size        Decimal Bytes (Attributes)
--------------------------------        ----        ----        ------- ----- ------------
_HOME                               00000AE9    000029CB =       10699. bytes (REL,CON)

      Value  Global                              Global Defined In Module
      -----  --------------------------------   ------------------------
[...]
C:/tmp/_gbsbuild/obj/scene_40_init.rel    [ scene_40_init ]
C:/tmp/_gbsbuild/obj/scene_40_triggers.rel
                                          [ scene_40_triggers ]
C:/tmp/_gbsbuild/obj/scene_40.rel         [ scene_40 ]
C:/tmp/_gbsbuild/obj/scene_41_collisions.rel
                                          [ scene_41_collisions ]
C:/tmp/_gbsbuild/obj/scene_41_init.rel    [ scene_41_init ]
C:/tmp/_gbsbuild/obj/scene_41_triggers.rel
                                          [ scene_41_triggers ]
C:/tmp/_gbsbuild/obj/scene_41.rel         [ scene_41 ]
C:/tmp/_gbsbuild/obj/scene_42_actors.rel  [ scene_42_actors ]
C:/tmp/_gbsbuild/obj/scene_42_collisions.rel
                                          [ scene_42_collisions ]
C:/tmp/_gbsbuild/obj/scene_42_init.rel    [ scene_42_init ]
C:/tmp/_gbsbuild/obj/scene_42_sprites.rel
                                          [ scene_42_sprites ]
C:/tmp/_gbsbuild/obj/scene_42_triggers.rel
                                          [ scene_42_triggers ]
C:/tmp/_gbsbuild/obj/scene_42.rel         [ scene_42 ]
C:/tmp/_gbsbuild/obj/scene_43_collisions.rel
                                          [ scene_43_collisions ]
C:/tmp/_gbsbuild/obj/scene_43_init.rel    [ scene_43_init ]
C:/tmp/_gbsbuild/obj/scene_43_triggers.rel
                                          [ scene_43_triggers ]
C:/tmp/_gbsbuild/obj/scene_43.rel         [ scene_43 ]
C:/tmp/_gbsbuild/obj/scene_44_collisions.rel
                                          [ scene_44_collisions ]
C:/tmp/_gbsbuild/obj/scene_44_init.rel    [ scene_44_init ]
C:/tmp/_gbsbuild/obj/scene_44.rel         [ scene_44 ]
C:/tmp/_gbsbuild/obj/scene_45_collisions.rel
                                          [ scene_45_collisions ]
C:/tmp/_gbsbuild/obj/scene_45_init.rel    [ scene_45_init ]
C:/tmp/_gbsbuild/obj/scene_45.rel         [ scene_45 ]
C:/tmp/_gbsbuild/obj/scene_46_collisions.rel
                                          [ scene_46_collisions ]
C:/tmp/_gbsbuild/obj/scene_46_init.rel    [ scene_46_init ]
C:/tmp/_gbsbuild/obj/scene_46.rel         [ scene_46 ]
C:/tmp/_gbsbuild/obj/scene_47_collisions.rel
                                          [ scene_47_collisions ]
C:/tmp/_gbsbuild/obj/scene_47_init.rel    [ scene_47_init ]
C:/tmp/_gbsbuild/obj/scene_47.rel         [ scene_47 ]
C:/tmp/_gbsbuild/obj/scene_48_collisions.rel
                                          [ scene_48_collisions ]
C:/tmp/_gbsbuild/obj/scene_48_init.rel    [ scene_48_init ]
C:/tmp/_gbsbuild/obj/scene_48.rel         [ scene_48 ]
C:/tmp/_gbsbuild/obj/scene_49_collisions.rel
                                          [ scene_49_collisions ]
C:/tmp/_gbsbuild/obj/scene_49_init.rel    [ scene_49_init ]
C:/tmp/_gbsbuild/obj/scene_49.rel         [ scene_49 ]
C:/tmp/_gbsbuild/obj/scene_5_collisions.rel
                                          [ scene_5_collisions ]
C:/tmp/_gbsbuild/obj/scene_5_init.rel     [ scene_5_init ]
C:/tmp/_gbsbuild/obj/scene_5.rel          [ scene_5 ]
C:/tmp/_gbsbuild/obj/scene_50_collisions.rel
                                          [ scene_50_collisions ]
C:/tmp/_gbsbuild/obj/scene_50_init.rel    [ scene_50_init ]
C:/tmp/_gbsbuild/obj/scene_50.rel         [ scene_50 ]
C:/tmp/_gbsbuild/obj/scene_51_collisions.rel
                                          [ scene_51_collisions ]
C:/tmp/_gbsbuild/obj/scene_51_init.rel    [ scene_51_init ]
C:/tmp/_gbsbuild/obj/scene_51.rel         [ scene_51 ]
C:/tmp/_gbsbuild/obj/scene_52_collisions.rel
                                          [ scene_52_collisions ]
C:/tmp/_gbsbuild/obj/scene_52_init.rel    [ scene_52_init ]
C:/tmp/_gbsbuild/obj/scene_52.rel         [ scene_52 ]
C:/tmp/_gbsbuild/obj/scene_53_actors.rel  [ scene_53_actors ]
C:/tmp/_gbsbuild/obj/scene_53_collisions.rel
                                          [ scene_53_collisions ]
C:/tmp/_gbsbuild/obj/scene_53_init.rel    [ scene_53_init ]
C:/tmp/_gbsbuild/obj/scene_53_sprites.rel
                                          [ scene_53_sprites ]
C:/tmp/_gbsbuild/obj/scene_53_triggers.rel
                                          [ scene_53_triggers ]
C:/tmp/_gbsbuild/obj/scene_53.rel         [ scene_53 ]
C:/tmp/_gbsbuild/obj/scene_54_actors.rel  [ scene_54_actors ]
C:/tmp/_gbsbuild/obj/scene_54_collisions.rel
                                          [ scene_54_collisions ]
C:/tmp/_gbsbuild/obj/scene_54_init.rel    [ scene_54_init ]
C:/tmp/_gbsbuild/obj/scene_54_sprites.rel
                                          [ scene_54_sprites ]
C:/tmp/_gbsbuild/obj/scene_54.rel         [ scene_54 ]
C:/tmp/_gbsbuild/obj/scene_55_collisions.rel
                                          [ scene_55_collisions ]
C:/tmp/_gbsbuild/obj/scene_55_init.rel    [ scene_55_init ]
C:/tmp/_gbsbuild/obj/scene_55_triggers.rel
                                          [ scene_55_triggers ]
C:/tmp/_gbsbuild/obj/scene_55.rel         [ scene_55 ]
C:/tmp/_gbsbuild/obj/scene_56_collisions.rel
                                          [ scene_56_collisions ]
C:/tmp/_gbsbuild/obj/scene_56_init.rel    [ scene_56_init ]
C:/tmp/_gbsbuild/obj/scene_56.rel         [ scene_56 ]
C:/tmp/_gbsbuild/obj/scene_57_collisions.rel
                                          [ scene_57_collisions ]
C:/tmp/_gbsbuild/obj/scene_57_init.rel    [ scene_57_init ]
C:/tmp/_gbsbuild/obj/scene_57.rel         [ scene_57 ]
C:/tmp/_gbsbuild/obj/scene_58_collisions.rel
                                          [ scene_58_collisions ]
C:/tmp/_gbsbuild/obj/scene_58_init.rel    [ scene_58_init ]
C:/tmp/_gbsbuild/obj/scene_58.rel         [ scene_58 ]
C:/tmp/_gbsbuild/obj/scene_6_collisions.rel
                                          [ scene_6_collisions ]
C:/tmp/_gbsbuild/obj/scene_6_init.rel     [ scene_6_init ]
C:/tmp/_gbsbuild/obj/scene_6.rel          [ scene_6 ]
C:/tmp/_gbsbuild/obj/scene_7_collisions.rel
                                          [ scene_7_collisions ]
C:/tmp/_gbsbuild/obj/scene_7_init.rel     [ scene_7_init ]
C:/tmp/_gbsbuild/obj/scene_7.rel          [ scene_7 ]
C:/tmp/_gbsbuild/obj/scene_8_collisions.rel
                                          [ scene_8_collisions ]
C:/tmp/_gbsbuild/obj/scene_8_init.rel     [ scene_8_init ]
C:/tmp/_gbsbuild/obj/scene_8.rel          [ scene_8 ]
C:/tmp/_gbsbuild/obj/scene_9_collisions.rel
                                          [ scene_9_collisions ]
C:/tmp/_gbsbuild/obj/scene_9_init.rel     [ scene_9_init ]
C:/tmp/_gbsbuild/obj/scene_9_triggers.rel
                                          [ scene_9_triggers ]
C:/tmp/_gbsbuild/obj/scene_9.rel          [ scene_9 ]
C:/tmp/_gbsbuild/obj/script_4.rel         [ script_4 ]
C:/tmp/_gbsbuild/obj/script_7.rel         [ script_7 ]
C:/tmp/_gbsbuild/obj/script_8.rel         [ script_8 ]
C:/tmp/_gbsbuild/obj/script_9.rel         [ script_9 ]
C:/tmp/_gbsbuild/obj/script_engine_init.rel
                                          [  ]
C:/tmp/_gbsbuild/obj/script_input_0.rel   [ script_input_0 ]
C:/tmp/_gbsbuild/obj/script_input_1.rel   [ script_input_1 ]
C:/tmp/_gbsbuild/obj/script_input_10.rel  [ script_input_10 ]
C:/tmp/_gbsbuild/obj/script_input_11.rel  [ script_input_11 ]
C:/tmp/_gbsbuild/obj/script_input_12.rel  [ script_input_12 ]
C:/tmp/_gbsbuild/obj/script_input_13.rel  [ script_input_13 ]
C:/tmp/_gbsbuild/obj/script_input_14.rel  [ script_input_14 ]
C:/tmp/_gbsbuild/obj/script_input_15.rel  [ script_input_15 ]
C:/tmp/_gbsbuild/obj/script_input_16.rel  [ script_input_16 ]
C:/tmp/_gbsbuild/obj/script_input_17.rel  [ script_input_17 ]
C:/tmp/_gbsbuild/obj/script_input_18.rel  [ script_input_18 ]
C:/tmp/_gbsbuild/obj/script_input_19.rel  [ script_input_19 ]
C:/tmp/_gbsbuild/obj/script_input_2.rel   [ script_input_2 ]
C:/tmp/_gbsbuild/obj/script_input_20.rel  [ script_input_20 ]
C:/tmp/_gbsbuild/obj/script_input_21.rel  [ script_input_21 ]
C:/tmp/_gbsbuild/obj/script_input_22.rel  [ script_input_22 ]
C:/tmp/_gbsbuild/obj/script_input_23.rel  [ script_input_23 ]
C:/tmp/_gbsbuild/obj/script_input_24.rel  [ script_input_24 ]
C:/tmp/_gbsbuild/obj/script_input_25.rel  [ script_input_25 ]
C:/tmp/_gbsbuild/obj/script_input_26.rel  [ script_input_26 ]
C:/tmp/_gbsbuild/obj/script_input_27.rel  [ script_input_27 ]
C:/tmp/_gbsbuild/obj/script_input_28.rel  [ script_input_28 ]
C:/tmp/_gbsbuild/obj/script_input_29.rel  [ script_input_29 ]
C:/tmp/_gbsbuild/obj/script_input_3.rel   [ script_input_3 ]
C:/tmp/_gbsbuild/obj/script_input_30.rel  [ script_input_30 ]
C:/tmp/_gbsbuild/obj/script_input_31.rel  [ script_input_31 ]
C:/tmp/_gbsbuild/obj/script_input_32.rel  [ script_input_32 ]
C:/tmp/_gbsbuild/obj/script_input_4.rel   [ script_input_4 ]
C:/tmp/_gbsbuild/obj/script_input_5.rel   [ script_input_5 ]
C:/tmp/_gbsbuild/obj/script_input_6.rel   [ script_input_6 ]
C:/tmp/_gbsbuild/obj/script_input_7.rel   [ script_input_7 ]
C:/tmp/_gbsbuild/obj/script_input_8.rel   [ script_input_8 ]
C:/tmp/_gbsbuild/obj/script_input_9.rel   [ script_input_9 ]
C:/tmp/_gbsbuild/obj/sprite_actor_animated_test__tileset.rel
                                          [ sprite_actor_animated_test__tile ]
C:/tmp/_gbsbuild/obj/sprite_actor_animated_test_.rel
                                          [ sprite_actor_animated_test_ ]
C:/tmp/_gbsbuild/obj/sprite_actor_tileset.rel
                                          [ sprite_actor_tileset ]
C:/tmp/_gbsbuild/obj/sprite_actor.rel     [ sprite_actor ]
C:/tmp/_gbsbuild/obj/sprite_bed_side_sprite_tileset.rel
                                          [ sprite_bed_side_sprite_tileset ]
C:/tmp/_gbsbuild/obj/sprite_bed_side_sprite.rel
                                          [ sprite_bed_side_sprite ]
C:/tmp/_gbsbuild/obj/sprite_bed_sprite_tileset.rel
                                          [ sprite_bed_sprite_tileset ]
C:/tmp/_gbsbuild/obj/sprite_bed_sprite.rel
                                          [ sprite_bed_sprite ]
C:/tmp/_gbsbuild/obj/sprite_bookshelf_sprite_tileset.rel
                                          [ sprite_bookshelf_sprite_tileset ]
C:/tmp/_gbsbuild/obj/sprite_bookshelf_sprite.rel
                                          [ sprite_bookshelf_sprite ]
C:/tmp/_gbsbuild/obj/sprite_bookshelf2_sprite_tileset.rel
                                          [ sprite_bookshelf2_sprite_tileset ]
C:/tmp/_gbsbuild/obj/sprite_bookshelf2_sprite.rel
                                          [ sprite_bookshelf2_sprite ]
C:/tmp/_gbsbuild/obj/sprite_dorm_kitchen_sheett_tileset.rel
                                          [ sprite_dorm_kitchen_sheett_tiles ]
C:/tmp/_gbsbuild/obj/sprite_dorm_kitchen_sheett.rel
                                          [ sprite_dorm_kitchen_sheett ]
C:/tmp/_gbsbuild/obj/sprite_goose_sprite1_tileset.rel
                                          [ sprite_goose_sprite1_tileset ]
C:/tmp/_gbsbuild/obj/sprite_goose_sprite1.rel
                                          [ sprite_goose_sprite1 ]
C:/tmp/_gbsbuild/obj/sprite_hands_sheet_tileset.rel
                                          [ sprite_hands_sheet_tileset ]
C:/tmp/_gbsbuild/obj/sprite_hands_sheet.rel
                                          [ sprite_hands_sheet ]
C:/tmp/_gbsbuild/obj/sprite_hidden_trigger_sprit_0_tileset.rel
                                          [ sprite_hidden_trigger_sprit_0_ti ]
C:/tmp/_gbsbuild/obj/sprite_hidden_trigger_sprit_0.rel
                                          [ sprite_hidden_trigger_sprit_0 ]
C:/tmp/_gbsbuild/obj/sprite_items_temp_sheet_tileset.rel
                                          [ sprite_items_temp_sheet_tileset ]
C:/tmp/_gbsbuild/obj/sprite_items_temp_sheet.rel
                                          [ sprite_items_temp_sheet ]
C:/tmp/_gbsbuild/obj/sprite_npc001_0_tileset.rel
                                          [ sprite_npc001_0_tileset ]
C:/tmp/_gbsbuild/obj/sprite_npc001_0.rel  [ sprite_npc001_0 ]
C:/tmp/_gbsbuild/obj/sprite_npc002_tileset.rel
                                          [ sprite_npc002_tileset ]
C:/tmp/_gbsbuild/obj/sprite_npc002.rel    [ sprite_npc002 ]
C:/tmp/_gbsbuild/obj/sprite_npc003_tileset.rel
                                          [ sprite_npc003_tileset ]
C:/tmp/_gbsbuild/obj/sprite_npc003.rel    [ sprite_npc003 ]
C:/tmp/_gbsbuild/obj/sprite_npc004_tileset.rel
                                          [ sprite_npc004_tileset ]
C:/tmp/_gbsbuild/obj/sprite_npc004.rel    [ sprite_npc004 ]
C:/tmp/_gbsbuild/obj/sprite_npc005_tileset.rel
                                          [ sprite_npc005_tileset ]
C:/tmp/_gbsbuild/obj/sprite_npc005.rel    [ sprite_npc005 ]
C:/tmp/_gbsbuild/obj/sprite_ron_sheet_tileset.rel
                                          [ sprite_ron_sheet_tileset ]
C:/tmp/_gbsbuild/obj/sprite_ron_sheet.rel
                                          [ sprite_ron_sheet ]
C:/tmp/_gbsbuild/obj/sprite_trash_sprite_tileset.rel
                                          [ sprite_trash_sprite_tileset ]
C:/tmp/_gbsbuild/obj/sprite_trash_sprite.rel
                                          [ sprite_trash_sprite ]
C:/tmp/_gbsbuild/obj/sprite_tvsprite_tileset.rel
                                          [ sprite_tvsprite_tileset ]
C:/tmp/_gbsbuild/obj/sprite_tvsprite.rel  [ sprite_tvsprite ]
C:/tmp/_gbsbuild/obj/sprite_wardrobe_back_sprite_tileset.rel
                                          [ sprite_wardrobe_back_sprite_tile ]
C:/tmp/_gbsbuild/obj/sprite_wardrobe_back_sprite.rel
                                          [ sprite_wardrobe_back_sprite ]
C:/tmp/_gbsbuild/obj/spritesheet_none.rel
                                          [ spritesheet_none ]
C:/tmp/_gbsbuild/obj/trigger_0_interact.rel
                                          [ trigger_0_interact ]
C:/tmp/_gbsbuild/obj/trigger_1_interact.rel
                                          [ trigger_1_interact ]
C:/tmp/_gbsbuild/obj/trigger_10_interact.rel
                                          [ trigger_10_interact ]
C:/tmp/_gbsbuild/obj/trigger_11_interact.rel
                                          [ trigger_11_interact ]
C:/tmp/_gbsbuild/obj/trigger_12_interact.rel
                                          [ trigger_12_interact ]
C:/tmp/_gbsbuild/obj/trigger_13_interact.rel
                                          [ trigger_13_interact ]
C:/tmp/_gbsbuild/obj/trigger_14_interact.rel
                                          [ trigger_14_interact ]
C:/tmp/_gbsbuild/obj/trigger_15_interact.rel
                                          [ trigger_15_interact ]
C:/tmp/_gbsbuild/obj/trigger_16_interact.rel
                                          [ trigger_16_interact ]
C:/tmp/_gbsbuild/obj/trigger_17_interact.rel
                                          [ trigger_17_interact ]
C:/tmp/_gbsbuild/obj/trigger_18_interact.rel
                                          [ trigger_18_interact ]
C:/tmp/_gbsbuild/obj/trigger_19_interact.rel
                                          [ trigger_19_interact ]
C:/tmp/_gbsbuild/obj/trigger_2_interact.rel
                                          [ trigger_2_interact ]
C:/tmp/_gbsbuild/obj/trigger_20_interact.rel
                                          [ trigger_20_interact ]
C:/tmp/_gbsbuild/obj/trigger_21_interact.rel
                                          [ trigger_21_interact ]
C:/tmp/_gbsbuild/obj/trigger_22_interact.rel
                                          [ trigger_22_interact ]
C:/tmp/_gbsbuild/obj/trigger_23_interact.rel
                                          [ trigger_23_interact ]
C:/tmp/_gbsbuild/obj/trigger_24_interact.rel
                                          [ trigger_24_interact ]
C:/tmp/_gbsbuild/obj/trigger_25_interact.rel
                                          [ trigger_25_interact ]
C:/tmp/_gbsbuild/obj/trigger_3_interact.rel
                                          [ trigger_3_interact ]
C:/tmp/_gbsbuild/obj/trigger_31_interact.rel
                                          [ trigger_31_interact ]
C:/tmp/_gbsbuild/obj/trigger_32_interact.rel
                                          [ trigger_32_interact ]
C:/tmp/_gbsbuild/obj/trigger_33_interact.rel
                                          [ trigger_33_interact ]
C:/tmp/_gbsbuild/obj/trigger_34_interact.rel
                                          [ trigger_34_interact ]
C:/tmp/_gbsbuild/obj/trigger_35_interact.rel
                                          [ trigger_35_interact ]
C:/tmp/_gbsbuild/obj/trigger_36_interact.rel
                                          [ trigger_36_interact ]
C:/tmp/_gbsbuild/obj/trigger_37_interact.rel
                                          [ trigger_37_interact ]
C:/tmp/_gbsbuild/obj/trigger_38_interact.rel
                                          [ trigger_38_interact ]
C:/tmp/_gbsbuild/obj/trigger_4_interact.rel
                                          [ trigger_4_interact ]
C:/tmp/_gbsbuild/obj/trigger_5_interact.rel
                                          [ trigger_5_interact ]
C:/tmp/_gbsbuild/obj/trigger_6_interact.rel
                                          [ trigger_6_interact ]
C:/tmp/_gbsbuild/obj/trigger_7_interact.rel
                                          [ trigger_7_interact ]
C:/tmp/_gbsbuild/obj/trigger_8_interact.rel
                                          [ trigger_8_interact ]
C:/tmp/_gbsbuild/obj/trigger_9_interact.rel
                                          [ trigger_9_interact ]
C:/tmp/_gbsbuild/obj/main.rel             [ main ]
C:/tmp/_gbsbuild/obj/adventure.rel        [ adventure ]
C:/tmp/_gbsbuild/obj/logo.rel             [ logo ]
C:/tmp/_gbsbuild/obj/platform.rel         [ platform ]
C:/tmp/_gbsbuild/obj/pointnclick.rel      [ pointnclick ]
C:/tmp/_gbsbuild/obj/shmup.rel            [ shmup ]
C:/tmp/_gbsbuild/obj/states_ptrs.rel      [  ]
C:/tmp/_gbsbuild/obj/topdown.rel          [ topdown ]


Libraries Linked                          [ object file ]

C:\tmp/_gbstools/gbdk/lib/gb/gb.lib       [ fill_rect_wi.o ]
C:\tmp/_gbstools/gbdk/lib/sm83/sm83.lib   [ rand.o ]
C:\tmp/_gbstools/gbdk/lib/gb/gb.lib       [ sfr.o ]
C:\tmp/_gbstools/gbdk/lib/gb/gb.lib       [ get_data.o ]
C:\tmp/_gbstools/gbdk/lib/gb/gb.lib       [ get_tile.o ]
lib/gbt_player.lib                        [ gbt_player.o ]
C:\tmp/_gbstools/gbdk/lib/gb/gb.lib       [ metasprites_hide_spr.o ]
C:\tmp/_gbstools/gbdk/lib/sm83/sm83.lib   [ mul.o ]
C:\tmp/_gbstools/gbdk/lib/gb/gb.lib       [ set_tile.o ]
C:\tmp/_gbstools/gbdk/lib/sm83/sm83.lib   [ abs.o ]
C:\tmp/_gbstools/gbdk/lib/gb/gb.lib       [ set_wi_t.o ]
C:\tmp/_gbstools/gbdk/lib/gb/gb.lib       [ set_data.o ]
C:\tmp/_gbstools/gbdk/lib/sm83/sm83.lib   [ reverse.o ]
C:\tmp/_gbstools/gbdk/lib/gb/gb.lib       [ far_ptr.o ]
C:\tmp/_gbstools/gbdk/lib/gb/gb.lib       [ sgb.o ]
C:\tmp/_gbstools/gbdk/lib/gb/gb.lib       [ lcd.o ]
C:\tmp/_gbstools/gbdk/lib/gb/gb.lib       [ fill_rect.o ]
C:\tmp/_gbstools/gbdk/lib/gb/gb.lib       [ cpy_data.o ]
C:\tmp/_gbstools/gbdk/lib/gb/gb.lib       [ fill_rect_bk.o ]
C:\tmp/_gbstools/gbdk/lib/gb/gb.lib       [ pad.o ]
C:\tmp/_gbstools/gbdk/lib/gb/gb.lib       [ metasprites.o ]
C:\tmp/_gbstools/gbdk/lib/sm83/sm83.lib   [ __sdcc_call_hl.o ]
C:\tmp/_gbstools/gbdk/lib/sm83/sm83.lib   [ memcpy.o ]
C:\tmp/_gbstools/gbdk/lib/sm83/sm83.lib   [ _memset.o ]
C:\tmp/_gbstools/gbdk/lib/gb/gb.lib       [ set_xy_t.o ]
C:\tmp/_gbstools/gbdk/lib/gb/gb.lib       [ ___sdcc_bcall_ehl.o ]
C:\tmp/_gbstools/gbdk/lib/sm83/sm83.lib   [ div.o ]
C:\tmp/_gbstools/gbdk/lib/gb/gb.lib       [ set_bk_t.o ]
lib/gbt_player.lib                        [ gbt_player_bank1.o ]

ASxxxx Linker V03.00/V05.40 + sdld,  page 84.

User Base Address Definitions

_DATA=0xC0A0
_CODE=0x0200
ASxxxx Linker V03.00/V05.40 + sdld,  page 85.

User Global Definitions

.STACK=0xDF00
_shadow_OAM=0xC000
.refresh_OAM=0xFF80
__start_save=12

